WARN  deprecated: project config key languageCode was deprecated in Hugo v0.158.0 and will be removed in a future release. Use locale instead.
Watching for changes in /root/charleswang/archetypes, /root/charleswang/assets, /root/charleswang/content/posts, /root/charleswang/data, /root/charleswang/i18n, /root/charleswang/layouts/{_default,_partials,partials,posts}, /root/charleswang/static, /root/charleswang/themes/PaperMod/assets/{css,js}, /root/charleswang/themes/PaperMod/i18n, /root/charleswang/themes/PaperMod/layouts/{_markup,_partials,_shortcodes}
Watching for config changes in /root/charleswang/hugo.yaml
Start building sites … 
hugo v0.164.0-ce2470e7012b5ab5fc4e10ebe4027e9f8d9e00dc+extended linux/amd64 BuildDate=2026-07-06T16:39:30Z VendorInfo=snap:0.164.0

WARN  deprecated: .Language.LanguageDirection was deprecated in Hugo v0.158.0 and will be removed in a future release. Use .Language.Direction instead.
WARN  deprecated: .Language.LanguageCode was deprecated in Hugo v0.158.0 and will be removed in a future release. Use .Language.Locale instead.

                  │ EN 
──────────────────┼────
 Pages            │ 13 
 Paginator pages  │  0 
 Non-page files   │  2 
 Static files     │  0 
 Processed images │  0 
 Aliases          │  2 
 Cleaned          │  0 

Built in 20 ms
Environment: "development"
Serving pages from disk
Running in Fast Render Mode. For full rebuilds on change: hugo server --disableFastRender
Web Server is available at http://47.103.53.79:80/ (bind address 0.0.0.0) 
Press Ctrl+C to stop

Change detected, rebuilding site (#1).
2026-08-07 13:07:37.703 +0800
Source changed /posts/hello-world.md
WARN  deprecated: .Language.LanguageDirection was deprecated in Hugo v0.158.0 and will be removed in a future release. Use .Language.Direction instead.
WARN  deprecated: .Language.LanguageCode was deprecated in Hugo v0.158.0 and will be removed in a future release. Use .Language.Locale instead.
Web Server is available at http://47.103.53.79:80/ (bind address 0.0.0.0)
Total in 14 ms
WARN  deprecated: project config key languageCode was deprecated in Hugo v0.158.0 and will be removed in a future release. Use locale instead.
Watching for changes in /root/charleswang/archetypes, /root/charleswang/assets, /root/charleswang/content/posts, /root/charleswang/data, /root/charleswang/i18n, /root/charleswang/layouts/{_default,_partials,partials,posts}, /root/charleswang/static, /root/charleswang/themes/PaperMod/assets/{css,js}, /root/charleswang/themes/PaperMod/i18n, /root/charleswang/themes/PaperMod/layouts/{_markup,_partials,_shortcodes}
Watching for config changes in /root/charleswang/hugo.yaml
Start building sites … 
hugo v0.164.0-ce2470e7012b5ab5fc4e10ebe4027e9f8d9e00dc+extended linux/amd64 BuildDate=2026-07-06T16:39:30Z VendorInfo=snap:0.164.0

WARN  deprecated: .Language.LanguageDirection was deprecated in Hugo v0.158.0 and will be removed in a future release. Use .Language.Direction instead.
WARN  deprecated: .Language.LanguageCode was deprecated in Hugo v0.158.0 and will be removed in a future release. Use .Language.Locale instead.

                  │ EN 
──────────────────┼────
 Pages            │ 14 
 Paginator pages  │  0 
 Non-page files   │  2 
 Static files     │  0 
 Processed images │  0 
 Aliases          │  2 
 Cleaned          │  0 

Built in 18 ms
Environment: "development"
Serving pages from disk
Running in Fast Render Mode. For full rebuilds on change: hugo server --disableFastRender
Web Server is available at http://47.103.53.79:80/ (bind address 0.0.0.0) 
Press Ctrl+C to stop
